Archive member included to satisfy reference by file (symbol)

/opt/homebrew/Cellar/avr-gcc@9/9.4.0/lib/avr-gcc/9/gcc/avr/9.4.0/../../../../../../avr/lib/avr5/libm.a(addsf3.o)
                              SSD1306.o (__subsf3)
/opt/homebrew/Cellar/avr-gcc@9/9.4.0/lib/avr-gcc/9/gcc/avr/9.4.0/../../../../../../avr/lib/avr5/libm.a(addsf3x.o)
                              /opt/homebrew/Cellar/avr-gcc@9/9.4.0/lib/avr-gcc/9/gcc/avr/9.4.0/../../../../../../avr/lib/avr5/libm.a(addsf3.o) (__addsf3x)
/opt/homebrew/Cellar/avr-gcc@9/9.4.0/lib/avr-gcc/9/gcc/avr/9.4.0/../../../../../../avr/lib/avr5/libm.a(fixunssfsi.o)
                              SSD1306.o (__fixunssfsi)
/opt/homebrew/Cellar/avr-gcc@9/9.4.0/lib/avr-gcc/9/gcc/avr/9.4.0/../../../../../../avr/lib/avr5/libm.a(floatsisf.o)
                              SSD1306.o (__floatunsisf)
/opt/homebrew/Cellar/avr-gcc@9/9.4.0/lib/avr-gcc/9/gcc/avr/9.4.0/../../../../../../avr/lib/avr5/libm.a(fp_inf.o)
                              /opt/homebrew/Cellar/avr-gcc@9/9.4.0/lib/avr-gcc/9/gcc/avr/9.4.0/../../../../../../avr/lib/avr5/libm.a(addsf3x.o) (__fp_inf)
/opt/homebrew/Cellar/avr-gcc@9/9.4.0/lib/avr-gcc/9/gcc/avr/9.4.0/../../../../../../avr/lib/avr5/libm.a(fp_nan.o)
                              /opt/homebrew/Cellar/avr-gcc@9/9.4.0/lib/avr-gcc/9/gcc/avr/9.4.0/../../../../../../avr/lib/avr5/libm.a(addsf3x.o) (__fp_nan)
/opt/homebrew/Cellar/avr-gcc@9/9.4.0/lib/avr-gcc/9/gcc/avr/9.4.0/../../../../../../avr/lib/avr5/libm.a(fp_pscA.o)
                              /opt/homebrew/Cellar/avr-gcc@9/9.4.0/lib/avr-gcc/9/gcc/avr/9.4.0/../../../../../../avr/lib/avr5/libm.a(addsf3x.o) (__fp_pscA)
/opt/homebrew/Cellar/avr-gcc@9/9.4.0/lib/avr-gcc/9/gcc/avr/9.4.0/../../../../../../avr/lib/avr5/libm.a(fp_pscB.o)
                              /opt/homebrew/Cellar/avr-gcc@9/9.4.0/lib/avr-gcc/9/gcc/avr/9.4.0/../../../../../../avr/lib/avr5/libm.a(addsf3x.o) (__fp_pscB)
/opt/homebrew/Cellar/avr-gcc@9/9.4.0/lib/avr-gcc/9/gcc/avr/9.4.0/../../../../../../avr/lib/avr5/libm.a(fp_round.o)
                              /opt/homebrew/Cellar/avr-gcc@9/9.4.0/lib/avr-gcc/9/gcc/avr/9.4.0/../../../../../../avr/lib/avr5/libm.a(addsf3.o) (__fp_round)
/opt/homebrew/Cellar/avr-gcc@9/9.4.0/lib/avr-gcc/9/gcc/avr/9.4.0/../../../../../../avr/lib/avr5/libm.a(fp_split3.o)
                              /opt/homebrew/Cellar/avr-gcc@9/9.4.0/lib/avr-gcc/9/gcc/avr/9.4.0/../../../../../../avr/lib/avr5/libm.a(addsf3x.o) (__fp_split3)
/opt/homebrew/Cellar/avr-gcc@9/9.4.0/lib/avr-gcc/9/gcc/avr/9.4.0/../../../../../../avr/lib/avr5/libm.a(fp_zero.o)
                              /opt/homebrew/Cellar/avr-gcc@9/9.4.0/lib/avr-gcc/9/gcc/avr/9.4.0/../../../../../../avr/lib/avr5/libm.a(addsf3x.o) (__fp_zero)
/opt/homebrew/Cellar/avr-gcc@9/9.4.0/lib/avr-gcc/9/gcc/avr/9.4.0/../../../../../../avr/lib/avr5/libm.a(mulsf3.o)
                              SSD1306.o (__mulsf3)
/opt/homebrew/Cellar/avr-gcc@9/9.4.0/lib/avr-gcc/9/gcc/avr/9.4.0/../../../../../../avr/lib/avr5/libm.a(mulsf3x.o)
                              /opt/homebrew/Cellar/avr-gcc@9/9.4.0/lib/avr-gcc/9/gcc/avr/9.4.0/../../../../../../avr/lib/avr5/libm.a(mulsf3.o) (__mulsf3x)
/opt/homebrew/Cellar/avr-gcc@9/9.4.0/lib/avr-gcc/9/gcc/avr/9.4.0/avr5/libgcc.a(_udivmodsi4.o)
                              SSD1306.o (__udivmodsi4)
/opt/homebrew/Cellar/avr-gcc@9/9.4.0/lib/avr-gcc/9/gcc/avr/9.4.0/avr5/libgcc.a(_exit.o)
                              /opt/homebrew/Cellar/avr-gcc@9/9.4.0/lib/avr-gcc/9/gcc/avr/9.4.0/../../../../../../avr/lib/avr5/crtatmega328p.o (exit)
/opt/homebrew/Cellar/avr-gcc@9/9.4.0/lib/avr-gcc/9/gcc/avr/9.4.0/avr5/libgcc.a(_tablejump2.o)
                              SSD1306.o (__tablejump2__)
/opt/homebrew/Cellar/avr-gcc@9/9.4.0/lib/avr-gcc/9/gcc/avr/9.4.0/avr5/libgcc.a(_copy_data.o)
                              SSD1306.o (__do_copy_data)
/opt/homebrew/Cellar/avr-gcc@9/9.4.0/lib/avr-gcc/9/gcc/avr/9.4.0/avr5/libgcc.a(_clear_bss.o)
                              SSD1306.o (__do_clear_bss)

Allocating common symbols
Common symbol       size              file

OledLineNum         0x1               SSD1306.o
OledCursorPos       0x1               SSD1306.o

Memory Configuration

Name             Origin             Length             Attributes
text             0x0000000000000000 0x0000000000020000 xr
data             0x0000000000800060 0x000000000000ffa0 rw !x
eeprom           0x0000000000810000 0x0000000000010000 rw !x
fuse             0x0000000000820000 0x0000000000000003 rw !x
lock             0x0000000000830000 0x0000000000000400 rw !x
signature        0x0000000000840000 0x0000000000000400 rw !x
user_signatures  0x0000000000850000 0x0000000000000400 rw !x
*default*        0x0000000000000000 0xffffffffffffffff

Linker script and memory map

Address of section .data set to 0x800100
LOAD /opt/homebrew/Cellar/avr-gcc@9/9.4.0/lib/avr-gcc/9/gcc/avr/9.4.0/../../../../../../avr/lib/avr5/crtatmega328p.o
LOAD SSD1306.o
LOAD i2c.o
LOAD main.o
LOAD /opt/homebrew/Cellar/avr-gcc@9/9.4.0/lib/avr-gcc/9/gcc/avr/9.4.0/../../../../../../avr/lib/avr5/libm.a
START GROUP
LOAD /opt/homebrew/Cellar/avr-gcc@9/9.4.0/lib/avr-gcc/9/gcc/avr/9.4.0/avr5/libgcc.a
LOAD /opt/homebrew/Cellar/avr-gcc@9/9.4.0/lib/avr-gcc/9/gcc/avr/9.4.0/../../../../../../avr/lib/avr5/libm.a
LOAD /opt/homebrew/Cellar/avr-gcc@9/9.4.0/lib/avr-gcc/9/gcc/avr/9.4.0/../../../../../../avr/lib/avr5/libc.a
LOAD /opt/homebrew/Cellar/avr-gcc@9/9.4.0/lib/avr-gcc/9/gcc/avr/9.4.0/../../../../../../avr/lib/avr5/libatmega328p.a
END GROUP
                0x0000000000020000                __TEXT_REGION_LENGTH__ = DEFINED (__TEXT_REGION_LENGTH__)?__TEXT_REGION_LENGTH__:0x20000
                0x000000000000ffa0                __DATA_REGION_LENGTH__ = DEFINED (__DATA_REGION_LENGTH__)?__DATA_REGION_LENGTH__:0xffa0
                0x0000000000010000                __EEPROM_REGION_LENGTH__ = DEFINED (__EEPROM_REGION_LENGTH__)?__EEPROM_REGION_LENGTH__:0x10000
                [0x0000000000000003]                __FUSE_REGION_LENGTH__ = DEFINED (__FUSE_REGION_LENGTH__)?__FUSE_REGION_LENGTH__:0x400
                0x0000000000000400                __LOCK_REGION_LENGTH__ = DEFINED (__LOCK_REGION_LENGTH__)?__LOCK_REGION_LENGTH__:0x400
                0x0000000000000400                __SIGNATURE_REGION_LENGTH__ = DEFINED (__SIGNATURE_REGION_LENGTH__)?__SIGNATURE_REGION_LENGTH__:0x400
                0x0000000000000400                __USER_SIGNATURE_REGION_LENGTH__ = DEFINED (__USER_SIGNATURE_REGION_LENGTH__)?__USER_SIGNATURE_REGION_LENGTH__:0x400

.hash
 *(.hash)

.dynsym
 *(.dynsym)

.dynstr
 *(.dynstr)

.gnu.version
 *(.gnu.version)

.gnu.version_d
 *(.gnu.version_d)

.gnu.version_r
 *(.gnu.version_r)

.rel.init
 *(.rel.init)

.rela.init
 *(.rela.init)

.rel.text
 *(.rel.text)
 *(.rel.text.*)
 *(.rel.gnu.linkonce.t*)

.rela.text
 *(.rela.text)
 *(.rela.text.*)
 *(.rela.gnu.linkonce.t*)

.rel.fini
 *(.rel.fini)

.rela.fini
 *(.rela.fini)

.rel.rodata
 *(.rel.rodata)
 *(.rel.rodata.*)
 *(.rel.gnu.linkonce.r*)

.rela.rodata
 *(.rela.rodata)
 *(.rela.rodata.*)
 *(.rela.gnu.linkonce.r*)

.rel.data
 *(.rel.data)
 *(.rel.data.*)
 *(.rel.gnu.linkonce.d*)

.rela.data
 *(.rela.data)
 *(.rela.data.*)
 *(.rela.gnu.linkonce.d*)

.rel.ctors
 *(.rel.ctors)

.rela.ctors
 *(.rela.ctors)

.rel.dtors
 *(.rel.dtors)

.rela.dtors
 *(.rela.dtors)

.rel.got
 *(.rel.got)

.rela.got
 *(.rela.got)

.rel.bss
 *(.rel.bss)

.rela.bss
 *(.rela.bss)

.rel.plt
 *(.rel.plt)

.rela.plt
 *(.rela.plt)

.text           0x0000000000000000      0xe12
 *(.vectors)
 .vectors       0x0000000000000000       0x68 /opt/homebrew/Cellar/avr-gcc@9/9.4.0/lib/avr-gcc/9/gcc/avr/9.4.0/../../../../../../avr/lib/avr5/crtatmega328p.o
                0x0000000000000000                __vectors
                0x0000000000000000                __vector_default
 *(.vectors)
 *(.progmem.gcc*)
                0x0000000000000068                . = ALIGN (0x2)
                0x0000000000000068                __trampolines_start = .
 *(.trampolines)
 .trampolines   0x0000000000000068        0x0 linker stubs
 *(.trampolines*)
                0x0000000000000068                __trampolines_end = .
 *libprintf_flt.a:*(.progmem.data)
 *libc.a:*(.progmem.data)
 *(.progmem.*)
                0x0000000000000068                . = ALIGN (0x2)
 *(.lowtext)
 *(.lowtext*)
                0x0000000000000068                __ctors_start = .
 *(.ctors)
                0x0000000000000068                __ctors_end = .
                0x0000000000000068                __dtors_start = .
 *(.dtors)
                0x0000000000000068                __dtors_end = .
 SORT_BY_NAME(*)(.ctors)
 SORT_BY_NAME(*)(.dtors)
 *(.init0)
 .init0         0x0000000000000068        0x0 /opt/homebrew/Cellar/avr-gcc@9/9.4.0/lib/avr-gcc/9/gcc/avr/9.4.0/../../../../../../avr/lib/avr5/crtatmega328p.o
                0x0000000000000068                __init
 *(.init0)
 *(.init1)
 *(.init1)
 *(.init2)
 .init2         0x0000000000000068        0xc /opt/homebrew/Cellar/avr-gcc@9/9.4.0/lib/avr-gcc/9/gcc/avr/9.4.0/../../../../../../avr/lib/avr5/crtatmega328p.o
 *(.init2)
 *(.init3)
 *(.init3)
 *(.init4)
 .init4         0x0000000000000074       0x16 /opt/homebrew/Cellar/avr-gcc@9/9.4.0/lib/avr-gcc/9/gcc/avr/9.4.0/avr5/libgcc.a(_copy_data.o)
                0x0000000000000074                __do_copy_data
 .init4         0x000000000000008a       0x10 /opt/homebrew/Cellar/avr-gcc@9/9.4.0/lib/avr-gcc/9/gcc/avr/9.4.0/avr5/libgcc.a(_clear_bss.o)
                0x000000000000008a                __do_clear_bss
 *(.init4)
 *(.init5)
 *(.init5)
 *(.init6)
 *(.init6)
 *(.init7)
 *(.init7)
 *(.init8)
 *(.init8)
 *(.init9)
 .init9         0x000000000000009a        0x8 /opt/homebrew/Cellar/avr-gcc@9/9.4.0/lib/avr-gcc/9/gcc/avr/9.4.0/../../../../../../avr/lib/avr5/crtatmega328p.o
 *(.init9)
 *(.text)
 .text          0x00000000000000a2        0x4 /opt/homebrew/Cellar/avr-gcc@9/9.4.0/lib/avr-gcc/9/gcc/avr/9.4.0/../../../../../../avr/lib/avr5/crtatmega328p.o
                0x00000000000000a2                __vector_20
                0x00000000000000a2                __vector_1
                0x00000000000000a2                __vector_24
                0x00000000000000a2                __vector_12
                0x00000000000000a2                __bad_interrupt
                0x00000000000000a2                __vector_6
                0x00000000000000a2                __vector_3
                0x00000000000000a2                __vector_23
                0x00000000000000a2                __vector_25
                0x00000000000000a2                __vector_11
                0x00000000000000a2                __vector_13
                0x00000000000000a2                __vector_17
                0x00000000000000a2                __vector_19
                0x00000000000000a2                __vector_7
                0x00000000000000a2                __vector_5
                0x00000000000000a2                __vector_4
                0x00000000000000a2                __vector_9
                0x00000000000000a2                __vector_2
                0x00000000000000a2                __vector_21
                0x00000000000000a2                __vector_15
                0x00000000000000a2                __vector_8
                0x00000000000000a2                __vector_14
                0x00000000000000a2                __vector_10
                0x00000000000000a2                __vector_16
                0x00000000000000a2                __vector_18
                0x00000000000000a2                __vector_22
 .text          0x00000000000000a6      0x868 SSD1306.o
                0x00000000000000a6                oledSendStart
                0x00000000000000b8                oledSendStop
                0x00000000000000bc                oledSendByte
                0x00000000000000c0                oledSendCommand
                0x00000000000000dc                OLED_Clear
                0x0000000000000152                OLED_Init
                0x0000000000000234                OLED_SetCursor
                0x0000000000000240                OLED_ScrollMessage
                0x000000000000030e                OLED_GoToLine
                0x000000000000031e                OLED_GoToNextLine
                0x0000000000000330                OLED_DisplayChar
                0x000000000000038c                OLED_DisplayString
                0x00000000000003a4                OLED_DisplayNumber
                0x00000000000004f0                OLED_DisplayFloatNumber
                0x00000000000005b6                OLED_Printf
                0x00000000000007bc                OLED_VerticalGraph
                0x0000000000000854                OLED_HorizontalGraph
                0x00000000000008b8                OLED_DisplayLogo
                0x00000000000008f0                OLED_EnableInversion
                0x00000000000008f6                OLED_DisableInversion
                0x00000000000008fc                OLED_SetBrightness
 .text          0x000000000000090e      0x138 i2c.o
                0x000000000000090e                i2c_init
                0x0000000000000920                i2c_tx_start
                0x000000000000094c                i2c_tx_address
                0x00000000000009ac                i2c_tx_byte
                0x00000000000009dc                i2c_timeout
                0x00000000000009f2                i2c_rx_byte
                0x0000000000000a32                i2c_tx_stop
 .text          0x0000000000000a46        0x0 main.o
 .text          0x0000000000000a46        0x0 /opt/homebrew/Cellar/avr-gcc@9/9.4.0/lib/avr-gcc/9/gcc/avr/9.4.0/../../../../../../avr/lib/avr5/libm.a(addsf3.o)
 .text          0x0000000000000a46        0x0 /opt/homebrew/Cellar/avr-gcc@9/9.4.0/lib/avr-gcc/9/gcc/avr/9.4.0/../../../../../../avr/lib/avr5/libm.a(addsf3x.o)
 .text          0x0000000000000a46        0x0 /opt/homebrew/Cellar/avr-gcc@9/9.4.0/lib/avr-gcc/9/gcc/avr/9.4.0/../../../../../../avr/lib/avr5/libm.a(fixunssfsi.o)
 .text          0x0000000000000a46        0x0 /opt/homebrew/Cellar/avr-gcc@9/9.4.0/lib/avr-gcc/9/gcc/avr/9.4.0/../../../../../../avr/lib/avr5/libm.a(floatsisf.o)
 .text          0x0000000000000a46        0x0 /opt/homebrew/Cellar/avr-gcc@9/9.4.0/lib/avr-gcc/9/gcc/avr/9.4.0/../../../../../../avr/lib/avr5/libm.a(fp_inf.o)
 .text          0x0000000000000a46        0x0 /opt/homebrew/Cellar/avr-gcc@9/9.4.0/lib/avr-gcc/9/gcc/avr/9.4.0/../../../../../../avr/lib/avr5/libm.a(fp_nan.o)
 .text          0x0000000000000a46        0x0 /opt/homebrew/Cellar/avr-gcc@9/9.4.0/lib/avr-gcc/9/gcc/avr/9.4.0/../../../../../../avr/lib/avr5/libm.a(fp_pscA.o)
 .text          0x0000000000000a46        0x0 /opt/homebrew/Cellar/avr-gcc@9/9.4.0/lib/avr-gcc/9/gcc/avr/9.4.0/../../../../../../avr/lib/avr5/libm.a(fp_pscB.o)
 .text          0x0000000000000a46        0x0 /opt/homebrew/Cellar/avr-gcc@9/9.4.0/lib/avr-gcc/9/gcc/avr/9.4.0/../../../../../../avr/lib/avr5/libm.a(fp_round.o)
 .text          0x0000000000000a46        0x0 /opt/homebrew/Cellar/avr-gcc@9/9.4.0/lib/avr-gcc/9/gcc/avr/9.4.0/../../../../../../avr/lib/avr5/libm.a(fp_split3.o)
 .text          0x0000000000000a46        0x0 /opt/homebrew/Cellar/avr-gcc@9/9.4.0/lib/avr-gcc/9/gcc/avr/9.4.0/../../../../../../avr/lib/avr5/libm.a(fp_zero.o)
 .text          0x0000000000000a46        0x0 /opt/homebrew/Cellar/avr-gcc@9/9.4.0/lib/avr-gcc/9/gcc/avr/9.4.0/../../../../../../avr/lib/avr5/libm.a(mulsf3.o)
 .text          0x0000000000000a46        0x0 /opt/homebrew/Cellar/avr-gcc@9/9.4.0/lib/avr-gcc/9/gcc/avr/9.4.0/../../../../../../avr/lib/avr5/libm.a(mulsf3x.o)
 .text          0x0000000000000a46        0x0 /opt/homebrew/Cellar/avr-gcc@9/9.4.0/lib/avr-gcc/9/gcc/avr/9.4.0/avr5/libgcc.a(_udivmodsi4.o)
 .text          0x0000000000000a46        0x0 /opt/homebrew/Cellar/avr-gcc@9/9.4.0/lib/avr-gcc/9/gcc/avr/9.4.0/avr5/libgcc.a(_exit.o)
 .text          0x0000000000000a46        0x0 /opt/homebrew/Cellar/avr-gcc@9/9.4.0/lib/avr-gcc/9/gcc/avr/9.4.0/avr5/libgcc.a(_tablejump2.o)
 .text          0x0000000000000a46        0x0 /opt/homebrew/Cellar/avr-gcc@9/9.4.0/lib/avr-gcc/9/gcc/avr/9.4.0/avr5/libgcc.a(_copy_data.o)
 .text          0x0000000000000a46        0x0 /opt/homebrew/Cellar/avr-gcc@9/9.4.0/lib/avr-gcc/9/gcc/avr/9.4.0/avr5/libgcc.a(_clear_bss.o)
                0x0000000000000a46                . = ALIGN (0x2)
 *(.text.*)
 .text.startup  0x0000000000000a46       0x22 main.o
                0x0000000000000a46                main
 .text.avr-libc.fplib
                0x0000000000000a68        0xe /opt/homebrew/Cellar/avr-gcc@9/9.4.0/lib/avr-gcc/9/gcc/avr/9.4.0/../../../../../../avr/lib/avr5/libm.a(addsf3.o)
                0x0000000000000a68                __subsf3
                0x0000000000000a6a                __addsf3
 .text.avr-libc.fplib
                0x0000000000000a76       0xcc /opt/homebrew/Cellar/avr-gcc@9/9.4.0/lib/avr-gcc/9/gcc/avr/9.4.0/../../../../../../avr/lib/avr5/libm.a(addsf3x.o)
                0x0000000000000a98                __addsf3x
 .text.avr-libc.fplib
                0x0000000000000b42       0x5e /opt/homebrew/Cellar/avr-gcc@9/9.4.0/lib/avr-gcc/9/gcc/avr/9.4.0/../../../../../../avr/lib/avr5/libm.a(fixunssfsi.o)
                0x0000000000000b42                __fixunssfsi
 .text.avr-libc.fplib
                0x0000000000000ba0       0x7a /opt/homebrew/Cellar/avr-gcc@9/9.4.0/lib/avr-gcc/9/gcc/avr/9.4.0/../../../../../../avr/lib/avr5/libm.a(floatsisf.o)
                0x0000000000000ba0                __floatunsisf
                0x0000000000000ba4                __floatsisf
 .text.avr-libc.fplib
                0x0000000000000c1a        0xc /opt/homebrew/Cellar/avr-gcc@9/9.4.0/lib/avr-gcc/9/gcc/avr/9.4.0/../../../../../../avr/lib/avr5/libm.a(fp_inf.o)
                0x0000000000000c1a                __fp_inf
 .text.avr-libc.fplib
                0x0000000000000c26        0x6 /opt/homebrew/Cellar/avr-gcc@9/9.4.0/lib/avr-gcc/9/gcc/avr/9.4.0/../../../../../../avr/lib/avr5/libm.a(fp_nan.o)
                0x0000000000000c26                __fp_nan
 .text.avr-libc.fplib
                0x0000000000000c2c        0xe /opt/homebrew/Cellar/avr-gcc@9/9.4.0/lib/avr-gcc/9/gcc/avr/9.4.0/../../../../../../avr/lib/avr5/libm.a(fp_pscA.o)
                0x0000000000000c2c                __fp_pscA
 .text.avr-libc.fplib
                0x0000000000000c3a        0xe /opt/homebrew/Cellar/avr-gcc@9/9.4.0/lib/avr-gcc/9/gcc/avr/9.4.0/../../../../../../avr/lib/avr5/libm.a(fp_pscB.o)
                0x0000000000000c3a                __fp_pscB
 .text.avr-libc.fplib
                0x0000000000000c48       0x22 /opt/homebrew/Cellar/avr-gcc@9/9.4.0/lib/avr-gcc/9/gcc/avr/9.4.0/../../../../../../avr/lib/avr5/libm.a(fp_round.o)
                0x0000000000000c48                __fp_round
 .text.avr-libc.fplib
                0x0000000000000c6a       0x44 /opt/homebrew/Cellar/avr-gcc@9/9.4.0/lib/avr-gcc/9/gcc/avr/9.4.0/../../../../../../avr/lib/avr5/libm.a(fp_split3.o)
                0x0000000000000c6a                __fp_split3
                0x0000000000000c7a                __fp_splitA
 .text.avr-libc.fplib
                0x0000000000000cae        0xe /opt/homebrew/Cellar/avr-gcc@9/9.4.0/lib/avr-gcc/9/gcc/avr/9.4.0/../../../../../../avr/lib/avr5/libm.a(fp_zero.o)
                0x0000000000000cae                __fp_zero
                0x0000000000000cb0                __fp_szero
 .text.avr-libc.fplib
                0x0000000000000cbc        0x8 /opt/homebrew/Cellar/avr-gcc@9/9.4.0/lib/avr-gcc/9/gcc/avr/9.4.0/../../../../../../avr/lib/avr5/libm.a(mulsf3.o)
                0x0000000000000cbc                __mulsf3
 .text.avr-libc.fplib
                0x0000000000000cc4       0xd2 /opt/homebrew/Cellar/avr-gcc@9/9.4.0/lib/avr-gcc/9/gcc/avr/9.4.0/../../../../../../avr/lib/avr5/libm.a(mulsf3x.o)
                0x0000000000000ce2                __mulsf3x
                0x0000000000000ce8                __mulsf3_pse
 .text.libgcc.mul
                0x0000000000000d96        0x0 /opt/homebrew/Cellar/avr-gcc@9/9.4.0/lib/avr-gcc/9/gcc/avr/9.4.0/avr5/libgcc.a(_udivmodsi4.o)
 .text.libgcc.div
                0x0000000000000d96       0x44 /opt/homebrew/Cellar/avr-gcc@9/9.4.0/lib/avr-gcc/9/gcc/avr/9.4.0/avr5/libgcc.a(_udivmodsi4.o)
                0x0000000000000d96                __udivmodsi4
 .text.libgcc   0x0000000000000dda        0x0 /opt/homebrew/Cellar/avr-gcc@9/9.4.0/lib/avr-gcc/9/gcc/avr/9.4.0/avr5/libgcc.a(_udivmodsi4.o)
 .text.libgcc.prologue
                0x0000000000000dda        0x0 /opt/homebrew/Cellar/avr-gcc@9/9.4.0/lib/avr-gcc/9/gcc/avr/9.4.0/avr5/libgcc.a(_udivmodsi4.o)
 .text.libgcc.builtins
                0x0000000000000dda        0x0 /opt/homebrew/Cellar/avr-gcc@9/9.4.0/lib/avr-gcc/9/gcc/avr/9.4.0/avr5/libgcc.a(_udivmodsi4.o)
 .text.libgcc.fmul
                0x0000000000000dda        0x0 /opt/homebrew/Cellar/avr-gcc@9/9.4.0/lib/avr-gcc/9/gcc/avr/9.4.0/avr5/libgcc.a(_udivmodsi4.o)
 .text.libgcc.fixed
                0x0000000000000dda        0x0 /opt/homebrew/Cellar/avr-gcc@9/9.4.0/lib/avr-gcc/9/gcc/avr/9.4.0/avr5/libgcc.a(_udivmodsi4.o)
 .text.libgcc.mul
                0x0000000000000dda        0x0 /opt/homebrew/Cellar/avr-gcc@9/9.4.0/lib/avr-gcc/9/gcc/avr/9.4.0/avr5/libgcc.a(_exit.o)
 .text.libgcc.div
                0x0000000000000dda        0x0 /opt/homebrew/Cellar/avr-gcc@9/9.4.0/lib/avr-gcc/9/gcc/avr/9.4.0/avr5/libgcc.a(_exit.o)
 .text.libgcc   0x0000000000000dda        0x0 /opt/homebrew/Cellar/avr-gcc@9/9.4.0/lib/avr-gcc/9/gcc/avr/9.4.0/avr5/libgcc.a(_exit.o)
 .text.libgcc.prologue
                0x0000000000000dda        0x0 /opt/homebrew/Cellar/avr-gcc@9/9.4.0/lib/avr-gcc/9/gcc/avr/9.4.0/avr5/libgcc.a(_exit.o)
 .text.libgcc.builtins
                0x0000000000000dda        0x0 /opt/homebrew/Cellar/avr-gcc@9/9.4.0/lib/avr-gcc/9/gcc/avr/9.4.0/avr5/libgcc.a(_exit.o)
 .text.libgcc.fmul
                0x0000000000000dda        0x0 /opt/homebrew/Cellar/avr-gcc@9/9.4.0/lib/avr-gcc/9/gcc/avr/9.4.0/avr5/libgcc.a(_exit.o)
 .text.libgcc.fixed
                0x0000000000000dda        0x0 /opt/homebrew/Cellar/avr-gcc@9/9.4.0/lib/avr-gcc/9/gcc/avr/9.4.0/avr5/libgcc.a(_exit.o)
 .text.libgcc.mul
                0x0000000000000dda        0x0 /opt/homebrew/Cellar/avr-gcc@9/9.4.0/lib/avr-gcc/9/gcc/avr/9.4.0/avr5/libgcc.a(_tablejump2.o)
 .text.libgcc.div
                0x0000000000000dda        0x0 /opt/homebrew/Cellar/avr-gcc@9/9.4.0/lib/avr-gcc/9/gcc/avr/9.4.0/avr5/libgcc.a(_tablejump2.o)
 .text.libgcc   0x0000000000000dda        0xc /opt/homebrew/Cellar/avr-gcc@9/9.4.0/lib/avr-gcc/9/gcc/avr/9.4.0/avr5/libgcc.a(_tablejump2.o)
                0x0000000000000dda                __tablejump2__
 .text.libgcc.prologue
                0x0000000000000de6        0x0 /opt/homebrew/Cellar/avr-gcc@9/9.4.0/lib/avr-gcc/9/gcc/avr/9.4.0/avr5/libgcc.a(_tablejump2.o)
 .text.libgcc.builtins
                0x0000000000000de6        0x0 /opt/homebrew/Cellar/avr-gcc@9/9.4.0/lib/avr-gcc/9/gcc/avr/9.4.0/avr5/libgcc.a(_tablejump2.o)
 .text.libgcc.fmul
                0x0000000000000de6        0x0 /opt/homebrew/Cellar/avr-gcc@9/9.4.0/lib/avr-gcc/9/gcc/avr/9.4.0/avr5/libgcc.a(_tablejump2.o)
 .text.libgcc.fixed
                0x0000000000000de6        0x0 /opt/homebrew/Cellar/avr-gcc@9/9.4.0/lib/avr-gcc/9/gcc/avr/9.4.0/avr5/libgcc.a(_tablejump2.o)
 .text.libgcc.mul
                0x0000000000000de6        0x0 /opt/homebrew/Cellar/avr-gcc@9/9.4.0/lib/avr-gcc/9/gcc/avr/9.4.0/avr5/libgcc.a(_copy_data.o)
 .text.libgcc.div
                0x0000000000000de6        0x0 /opt/homebrew/Cellar/avr-gcc@9/9.4.0/lib/avr-gcc/9/gcc/avr/9.4.0/avr5/libgcc.a(_copy_data.o)
 .text.libgcc   0x0000000000000de6        0x0 /opt/homebrew/Cellar/avr-gcc@9/9.4.0/lib/avr-gcc/9/gcc/avr/9.4.0/avr5/libgcc.a(_copy_data.o)
 .text.libgcc.prologue
                0x0000000000000de6        0x0 /opt/homebrew/Cellar/avr-gcc@9/9.4.0/lib/avr-gcc/9/gcc/avr/9.4.0/avr5/libgcc.a(_copy_data.o)
 .text.libgcc.builtins
                0x0000000000000de6        0x0 /opt/homebrew/Cellar/avr-gcc@9/9.4.0/lib/avr-gcc/9/gcc/avr/9.4.0/avr5/libgcc.a(_copy_data.o)
 .text.libgcc.fmul
                0x0000000000000de6        0x0 /opt/homebrew/Cellar/avr-gcc@9/9.4.0/lib/avr-gcc/9/gcc/avr/9.4.0/avr5/libgcc.a(_copy_data.o)
 .text.libgcc.fixed
                0x0000000000000de6        0x0 /opt/homebrew/Cellar/avr-gcc@9/9.4.0/lib/avr-gcc/9/gcc/avr/9.4.0/avr5/libgcc.a(_copy_data.o)
 .text.libgcc.mul
                0x0000000000000de6        0x0 /opt/homebrew/Cellar/avr-gcc@9/9.4.0/lib/avr-gcc/9/gcc/avr/9.4.0/avr5/libgcc.a(_clear_bss.o)
 .text.libgcc.div
                0x0000000000000de6        0x0 /opt/homebrew/Cellar/avr-gcc@9/9.4.0/lib/avr-gcc/9/gcc/avr/9.4.0/avr5/libgcc.a(_clear_bss.o)
 .text.libgcc   0x0000000000000de6        0x0 /opt/homebrew/Cellar/avr-gcc@9/9.4.0/lib/avr-gcc/9/gcc/avr/9.4.0/avr5/libgcc.a(_clear_bss.o)
 .text.libgcc.prologue
                0x0000000000000de6        0x0 /opt/homebrew/Cellar/avr-gcc@9/9.4.0/lib/avr-gcc/9/gcc/avr/9.4.0/avr5/libgcc.a(_clear_bss.o)
 .text.libgcc.builtins
                0x0000000000000de6        0x0 /opt/homebrew/Cellar/avr-gcc@9/9.4.0/lib/avr-gcc/9/gcc/avr/9.4.0/avr5/libgcc.a(_clear_bss.o)
 .text.libgcc.fmul
                0x0000000000000de6        0x0 /opt/homebrew/Cellar/avr-gcc@9/9.4.0/lib/avr-gcc/9/gcc/avr/9.4.0/avr5/libgcc.a(_clear_bss.o)
 .text.libgcc.fixed
                0x0000000000000de6        0x0 /opt/homebrew/Cellar/avr-gcc@9/9.4.0/lib/avr-gcc/9/gcc/avr/9.4.0/avr5/libgcc.a(_clear_bss.o)
                0x0000000000000de6                . = ALIGN (0x2)
 *(.fini9)
 .fini9         0x0000000000000de6        0x0 /opt/homebrew/Cellar/avr-gcc@9/9.4.0/lib/avr-gcc/9/gcc/avr/9.4.0/avr5/libgcc.a(_exit.o)
                0x0000000000000de6                exit
                0x0000000000000de6                _exit
 *(.fini9)
 *(.fini8)
 *(.fini8)
 *(.fini7)
 *(.fini7)
 *(.fini6)
 *(.fini6)
 *(.fini5)
 *(.fini5)
 *(.fini4)
 *(.fini4)
 *(.fini3)
 *(.fini3)
 *(.fini2)
 *(.fini2)
 *(.fini1)
 *(.fini1)
 *(.fini0)
 .fini0         0x0000000000000de6        0x4 /opt/homebrew/Cellar/avr-gcc@9/9.4.0/lib/avr-gcc/9/gcc/avr/9.4.0/avr5/libgcc.a(_exit.o)
 *(.fini0)
 *(.hightext)
 *(.hightext*)
 *(.progmemx.*)
                0x0000000000000dea                . = ALIGN (0x2)
 *(.jumptables)
 *(.jumptables*)
 .jumptables.gcc.OLED_Printf
                0x0000000000000dea       0x28 SSD1306.o
                0x0000000000000e12                _etext = .

.data           0x0000000000800100      0x20a load address 0x0000000000000e12
                0x0000000000800100                PROVIDE (__data_start = .)
 *(.data)
 .data          0x0000000000800100        0x0 /opt/homebrew/Cellar/avr-gcc@9/9.4.0/lib/avr-gcc/9/gcc/avr/9.4.0/../../../../../../avr/lib/avr5/crtatmega328p.o
 .data          0x0000000000800100        0x0 SSD1306.o
 .data          0x0000000000800100        0x0 i2c.o
 .data          0x0000000000800100        0x0 main.o
 .data          0x0000000000800100        0x0 /opt/homebrew/Cellar/avr-gcc@9/9.4.0/lib/avr-gcc/9/gcc/avr/9.4.0/../../../../../../avr/lib/avr5/libm.a(addsf3.o)
 .data          0x0000000000800100        0x0 /opt/homebrew/Cellar/avr-gcc@9/9.4.0/lib/avr-gcc/9/gcc/avr/9.4.0/../../../../../../avr/lib/avr5/libm.a(addsf3x.o)
 .data          0x0000000000800100        0x0 /opt/homebrew/Cellar/avr-gcc@9/9.4.0/lib/avr-gcc/9/gcc/avr/9.4.0/../../../../../../avr/lib/avr5/libm.a(fixunssfsi.o)
 .data          0x0000000000800100        0x0 /opt/homebrew/Cellar/avr-gcc@9/9.4.0/lib/avr-gcc/9/gcc/avr/9.4.0/../../../../../../avr/lib/avr5/libm.a(floatsisf.o)
 .data          0x0000000000800100        0x0 /opt/homebrew/Cellar/avr-gcc@9/9.4.0/lib/avr-gcc/9/gcc/avr/9.4.0/../../../../../../avr/lib/avr5/libm.a(fp_inf.o)
 .data          0x0000000000800100        0x0 /opt/homebrew/Cellar/avr-gcc@9/9.4.0/lib/avr-gcc/9/gcc/avr/9.4.0/../../../../../../avr/lib/avr5/libm.a(fp_nan.o)
 .data          0x0000000000800100        0x0 /opt/homebrew/Cellar/avr-gcc@9/9.4.0/lib/avr-gcc/9/gcc/avr/9.4.0/../../../../../../avr/lib/avr5/libm.a(fp_pscA.o)
 .data          0x0000000000800100        0x0 /opt/homebrew/Cellar/avr-gcc@9/9.4.0/lib/avr-gcc/9/gcc/avr/9.4.0/../../../../../../avr/lib/avr5/libm.a(fp_pscB.o)
 .data          0x0000000000800100        0x0 /opt/homebrew/Cellar/avr-gcc@9/9.4.0/lib/avr-gcc/9/gcc/avr/9.4.0/../../../../../../avr/lib/avr5/libm.a(fp_round.o)
 .data          0x0000000000800100        0x0 /opt/homebrew/Cellar/avr-gcc@9/9.4.0/lib/avr-gcc/9/gcc/avr/9.4.0/../../../../../../avr/lib/avr5/libm.a(fp_split3.o)
 .data          0x0000000000800100        0x0 /opt/homebrew/Cellar/avr-gcc@9/9.4.0/lib/avr-gcc/9/gcc/avr/9.4.0/../../../../../../avr/lib/avr5/libm.a(fp_zero.o)
 .data          0x0000000000800100        0x0 /opt/homebrew/Cellar/avr-gcc@9/9.4.0/lib/avr-gcc/9/gcc/avr/9.4.0/../../../../../../avr/lib/avr5/libm.a(mulsf3.o)
 .data          0x0000000000800100        0x0 /opt/homebrew/Cellar/avr-gcc@9/9.4.0/lib/avr-gcc/9/gcc/avr/9.4.0/../../../../../../avr/lib/avr5/libm.a(mulsf3x.o)
 .data          0x0000000000800100        0x0 /opt/homebrew/Cellar/avr-gcc@9/9.4.0/lib/avr-gcc/9/gcc/avr/9.4.0/avr5/libgcc.a(_udivmodsi4.o)
 .data          0x0000000000800100        0x0 /opt/homebrew/Cellar/avr-gcc@9/9.4.0/lib/avr-gcc/9/gcc/avr/9.4.0/avr5/libgcc.a(_exit.o)
 .data          0x0000000000800100        0x0 /opt/homebrew/Cellar/avr-gcc@9/9.4.0/lib/avr-gcc/9/gcc/avr/9.4.0/avr5/libgcc.a(_tablejump2.o)
 .data          0x0000000000800100        0x0 /opt/homebrew/Cellar/avr-gcc@9/9.4.0/lib/avr-gcc/9/gcc/avr/9.4.0/avr5/libgcc.a(_copy_data.o)
 .data          0x0000000000800100        0x0 /opt/homebrew/Cellar/avr-gcc@9/9.4.0/lib/avr-gcc/9/gcc/avr/9.4.0/avr5/libgcc.a(_clear_bss.o)
 *(.data*)
 *(.gnu.linkonce.d*)
 *(.rodata)
 .rodata        0x0000000000800100      0x1db SSD1306.o
                0x0000000000800100                OledFontTable
 .rodata        0x00000000008002db       0x22 i2c.o
 *(.rodata*)
 .rodata.str1.1
                0x00000000008002fd        0xd main.o
 *(.gnu.linkonce.r*)
                0x000000000080030a                . = ALIGN (0x2)
                0x000000000080030a                _edata = .
                0x000000000080030a                PROVIDE (__data_end = .)

.bss            0x000000000080030a        0x3
                0x000000000080030a                PROVIDE (__bss_start = .)
 *(.bss)
 .bss           0x000000000080030a        0x0 /opt/homebrew/Cellar/avr-gcc@9/9.4.0/lib/avr-gcc/9/gcc/avr/9.4.0/../../../../../../avr/lib/avr5/crtatmega328p.o
 .bss           0x000000000080030a        0x0 SSD1306.o
 .bss           0x000000000080030a        0x1 i2c.o
 .bss           0x000000000080030b        0x0 main.o
 .bss           0x000000000080030b        0x0 /opt/homebrew/Cellar/avr-gcc@9/9.4.0/lib/avr-gcc/9/gcc/avr/9.4.0/../../../../../../avr/lib/avr5/libm.a(addsf3.o)
 .bss           0x000000000080030b        0x0 /opt/homebrew/Cellar/avr-gcc@9/9.4.0/lib/avr-gcc/9/gcc/avr/9.4.0/../../../../../../avr/lib/avr5/libm.a(addsf3x.o)
 .bss           0x000000000080030b        0x0 /opt/homebrew/Cellar/avr-gcc@9/9.4.0/lib/avr-gcc/9/gcc/avr/9.4.0/../../../../../../avr/lib/avr5/libm.a(fixunssfsi.o)
 .bss           0x000000000080030b        0x0 /opt/homebrew/Cellar/avr-gcc@9/9.4.0/lib/avr-gcc/9/gcc/avr/9.4.0/../../../../../../avr/lib/avr5/libm.a(floatsisf.o)
 .bss           0x000000000080030b        0x0 /opt/homebrew/Cellar/avr-gcc@9/9.4.0/lib/avr-gcc/9/gcc/avr/9.4.0/../../../../../../avr/lib/avr5/libm.a(fp_inf.o)
 .bss           0x000000000080030b        0x0 /opt/homebrew/Cellar/avr-gcc@9/9.4.0/lib/avr-gcc/9/gcc/avr/9.4.0/../../../../../../avr/lib/avr5/libm.a(fp_nan.o)
 .bss           0x000000000080030b        0x0 /opt/homebrew/Cellar/avr-gcc@9/9.4.0/lib/avr-gcc/9/gcc/avr/9.4.0/../../../../../../avr/lib/avr5/libm.a(fp_pscA.o)
 .bss           0x000000000080030b        0x0 /opt/homebrew/Cellar/avr-gcc@9/9.4.0/lib/avr-gcc/9/gcc/avr/9.4.0/../../../../../../avr/lib/avr5/libm.a(fp_pscB.o)
 .bss           0x000000000080030b        0x0 /opt/homebrew/Cellar/avr-gcc@9/9.4.0/lib/avr-gcc/9/gcc/avr/9.4.0/../../../../../../avr/lib/avr5/libm.a(fp_round.o)
 .bss           0x000000000080030b        0x0 /opt/homebrew/Cellar/avr-gcc@9/9.4.0/lib/avr-gcc/9/gcc/avr/9.4.0/../../../../../../avr/lib/avr5/libm.a(fp_split3.o)
 .bss           0x000000000080030b        0x0 /opt/homebrew/Cellar/avr-gcc@9/9.4.0/lib/avr-gcc/9/gcc/avr/9.4.0/../../../../../../avr/lib/avr5/libm.a(fp_zero.o)
 .bss           0x000000000080030b        0x0 /opt/homebrew/Cellar/avr-gcc@9/9.4.0/lib/avr-gcc/9/gcc/avr/9.4.0/../../../../../../avr/lib/avr5/libm.a(mulsf3.o)
 .bss           0x000000000080030b        0x0 /opt/homebrew/Cellar/avr-gcc@9/9.4.0/lib/avr-gcc/9/gcc/avr/9.4.0/../../../../../../avr/lib/avr5/libm.a(mulsf3x.o)
 .bss           0x000000000080030b        0x0 /opt/homebrew/Cellar/avr-gcc@9/9.4.0/lib/avr-gcc/9/gcc/avr/9.4.0/avr5/libgcc.a(_udivmodsi4.o)
 .bss           0x000000000080030b        0x0 /opt/homebrew/Cellar/avr-gcc@9/9.4.0/lib/avr-gcc/9/gcc/avr/9.4.0/avr5/libgcc.a(_exit.o)
 .bss           0x000000000080030b        0x0 /opt/homebrew/Cellar/avr-gcc@9/9.4.0/lib/avr-gcc/9/gcc/avr/9.4.0/avr5/libgcc.a(_tablejump2.o)
 .bss           0x000000000080030b        0x0 /opt/homebrew/Cellar/avr-gcc@9/9.4.0/lib/avr-gcc/9/gcc/avr/9.4.0/avr5/libgcc.a(_copy_data.o)
 .bss           0x000000000080030b        0x0 /opt/homebrew/Cellar/avr-gcc@9/9.4.0/lib/avr-gcc/9/gcc/avr/9.4.0/avr5/libgcc.a(_clear_bss.o)
 *(.bss*)
 *(COMMON)
 COMMON         0x000000000080030b        0x2 SSD1306.o
                0x000000000080030b                OledLineNum
                0x000000000080030c                OledCursorPos
                0x000000000080030d                PROVIDE (__bss_end = .)
                0x0000000000000e12                __data_load_start = LOADADDR (.data)
                0x000000000000101c                __data_load_end = (__data_load_start + SIZEOF (.data))

.noinit         0x000000000080030d        0x0
                [!provide]                        PROVIDE (__noinit_start = .)
 *(.noinit .noinit.* .gnu.linkonce.n.*)
                [!provide]                        PROVIDE (__noinit_end = .)
                0x000000000080030d                _end = .
                [!provide]                        PROVIDE (__heap_start = .)

.eeprom         0x0000000000810000        0x0
 *(.eeprom*)
                0x0000000000810000                __eeprom_end = .

.fuse
 *(.fuse)
 *(.lfuse)
 *(.hfuse)
 *(.efuse)

.lock
 *(.lock*)

.signature
 *(.signature*)

.stab
 *(.stab)

.stabstr
 *(.stabstr)

.stab.excl
 *(.stab.excl)

.stab.exclstr
 *(.stab.exclstr)

.stab.index
 *(.stab.index)

.stab.indexstr
 *(.stab.indexstr)

.comment        0x0000000000000000       0x24
 *(.comment)
 .comment       0x0000000000000000       0x24 SSD1306.o
                                         0x25 (size before relaxing)
 .comment       0x0000000000000024       0x25 i2c.o
 .comment       0x0000000000000024       0x25 main.o

.note.gnu.avr.deviceinfo
                0x0000000000000000       0x40
 .note.gnu.avr.deviceinfo
                0x0000000000000000       0x40 /opt/homebrew/Cellar/avr-gcc@9/9.4.0/lib/avr-gcc/9/gcc/avr/9.4.0/../../../../../../avr/lib/avr5/crtatmega328p.o

.note.gnu.build-id
 *(.note.gnu.build-id)

.debug
 *(.debug)

.line
 *(.line)

.debug_srcinfo
 *(.debug_srcinfo)

.debug_sfnames
 *(.debug_sfnames)

.debug_aranges  0x0000000000000000      0x100
 *(.debug_aranges)
 .debug_aranges
                0x0000000000000000       0x20 SSD1306.o
 .debug_aranges
                0x0000000000000020       0x20 i2c.o
 .debug_aranges
                0x0000000000000040       0x20 main.o
 .debug_aranges
                0x0000000000000060       0x20 /opt/homebrew/Cellar/avr-gcc@9/9.4.0/lib/avr-gcc/9/gcc/avr/9.4.0/avr5/libgcc.a(_udivmodsi4.o)
 .debug_aranges
                0x0000000000000080       0x20 /opt/homebrew/Cellar/avr-gcc@9/9.4.0/lib/avr-gcc/9/gcc/avr/9.4.0/avr5/libgcc.a(_exit.o)
 .debug_aranges
                0x00000000000000a0       0x20 /opt/homebrew/Cellar/avr-gcc@9/9.4.0/lib/avr-gcc/9/gcc/avr/9.4.0/avr5/libgcc.a(_tablejump2.o)
 .debug_aranges
                0x00000000000000c0       0x20 /opt/homebrew/Cellar/avr-gcc@9/9.4.0/lib/avr-gcc/9/gcc/avr/9.4.0/avr5/libgcc.a(_copy_data.o)
 .debug_aranges
                0x00000000000000e0       0x20 /opt/homebrew/Cellar/avr-gcc@9/9.4.0/lib/avr-gcc/9/gcc/avr/9.4.0/avr5/libgcc.a(_clear_bss.o)

.debug_pubnames
 *(.debug_pubnames)

.debug_info     0x0000000000000000     0x1eaa
 *(.debug_info .gnu.linkonce.wi.*)
 .debug_info    0x0000000000000000      0x5f4 /opt/homebrew/Cellar/avr-gcc@9/9.4.0/lib/avr-gcc/9/gcc/avr/9.4.0/../../../../../../avr/lib/avr5/crtatmega328p.o
 .debug_info    0x00000000000005f4     0x1406 SSD1306.o
 .debug_info    0x00000000000019fa      0x233 i2c.o
 .debug_info    0x0000000000001c2d      0x1bf main.o
 .debug_info    0x0000000000001dec       0x26 /opt/homebrew/Cellar/avr-gcc@9/9.4.0/lib/avr-gcc/9/gcc/avr/9.4.0/avr5/libgcc.a(_udivmodsi4.o)
 .debug_info    0x0000000000001e12       0x26 /opt/homebrew/Cellar/avr-gcc@9/9.4.0/lib/avr-gcc/9/gcc/avr/9.4.0/avr5/libgcc.a(_exit.o)
 .debug_info    0x0000000000001e38       0x26 /opt/homebrew/Cellar/avr-gcc@9/9.4.0/lib/avr-gcc/9/gcc/avr/9.4.0/avr5/libgcc.a(_tablejump2.o)
 .debug_info    0x0000000000001e5e       0x26 /opt/homebrew/Cellar/avr-gcc@9/9.4.0/lib/avr-gcc/9/gcc/avr/9.4.0/avr5/libgcc.a(_copy_data.o)
 .debug_info    0x0000000000001e84       0x26 /opt/homebrew/Cellar/avr-gcc@9/9.4.0/lib/avr-gcc/9/gcc/avr/9.4.0/avr5/libgcc.a(_clear_bss.o)

.debug_abbrev   0x0000000000000000      0xc01
 *(.debug_abbrev)
 .debug_abbrev  0x0000000000000000      0x5a2 /opt/homebrew/Cellar/avr-gcc@9/9.4.0/lib/avr-gcc/9/gcc/avr/9.4.0/../../../../../../avr/lib/avr5/crtatmega328p.o
 .debug_abbrev  0x00000000000005a2      0x420 SSD1306.o
 .debug_abbrev  0x00000000000009c2       0xb5 i2c.o
 .debug_abbrev  0x0000000000000a77      0x126 main.o
 .debug_abbrev  0x0000000000000b9d       0x14 /opt/homebrew/Cellar/avr-gcc@9/9.4.0/lib/avr-gcc/9/gcc/avr/9.4.0/avr5/libgcc.a(_udivmodsi4.o)
 .debug_abbrev  0x0000000000000bb1       0x14 /opt/homebrew/Cellar/avr-gcc@9/9.4.0/lib/avr-gcc/9/gcc/avr/9.4.0/avr5/libgcc.a(_exit.o)
 .debug_abbrev  0x0000000000000bc5       0x14 /opt/homebrew/Cellar/avr-gcc@9/9.4.0/lib/avr-gcc/9/gcc/avr/9.4.0/avr5/libgcc.a(_tablejump2.o)
 .debug_abbrev  0x0000000000000bd9       0x14 /opt/homebrew/Cellar/avr-gcc@9/9.4.0/lib/avr-gcc/9/gcc/avr/9.4.0/avr5/libgcc.a(_copy_data.o)
 .debug_abbrev  0x0000000000000bed       0x14 /opt/homebrew/Cellar/avr-gcc@9/9.4.0/lib/avr-gcc/9/gcc/avr/9.4.0/avr5/libgcc.a(_clear_bss.o)

.debug_line     0x0000000000000000     0x1cb3
 *(.debug_line .debug_line.* .debug_line_end)
 .debug_line    0x0000000000000000       0x1d /opt/homebrew/Cellar/avr-gcc@9/9.4.0/lib/avr-gcc/9/gcc/avr/9.4.0/../../../../../../avr/lib/avr5/crtatmega328p.o
 .debug_line    0x000000000000001d     0x13f3 SSD1306.o
 .debug_line    0x0000000000001410      0x4ab i2c.o
 .debug_line    0x00000000000018bb       0xe1 main.o
 .debug_line    0x000000000000199c      0x121 /opt/homebrew/Cellar/avr-gcc@9/9.4.0/lib/avr-gcc/9/gcc/avr/9.4.0/avr5/libgcc.a(_udivmodsi4.o)
 .debug_line    0x0000000000001abd       0x61 /opt/homebrew/Cellar/avr-gcc@9/9.4.0/lib/avr-gcc/9/gcc/avr/9.4.0/avr5/libgcc.a(_exit.o)
 .debug_line    0x0000000000001b1e       0x79 /opt/homebrew/Cellar/avr-gcc@9/9.4.0/lib/avr-gcc/9/gcc/avr/9.4.0/avr5/libgcc.a(_tablejump2.o)
 .debug_line    0x0000000000001b97       0x97 /opt/homebrew/Cellar/avr-gcc@9/9.4.0/lib/avr-gcc/9/gcc/avr/9.4.0/avr5/libgcc.a(_copy_data.o)
 .debug_line    0x0000000000001c2e       0x85 /opt/homebrew/Cellar/avr-gcc@9/9.4.0/lib/avr-gcc/9/gcc/avr/9.4.0/avr5/libgcc.a(_clear_bss.o)

.debug_frame    0x0000000000000000      0x3d4
 *(.debug_frame)
 .debug_frame   0x0000000000000000      0x320 SSD1306.o
 .debug_frame   0x0000000000000320       0x84 i2c.o
 .debug_frame   0x00000000000003a4       0x30 main.o

.debug_str      0x0000000000000000      0x818
 *(.debug_str)
 .debug_str     0x0000000000000000      0x208 /opt/homebrew/Cellar/avr-gcc@9/9.4.0/lib/avr-gcc/9/gcc/avr/9.4.0/../../../../../../avr/lib/avr5/crtatmega328p.o
 .debug_str     0x0000000000000208      0x4a3 SSD1306.o
                                        0x4ec (size before relaxing)
 .debug_str     0x00000000000006ab       0xde i2c.o
                                        0x1d8 (size before relaxing)
 .debug_str     0x0000000000000789        0xc main.o
                                        0x14d (size before relaxing)
 .debug_str     0x0000000000000795       0x83 /opt/homebrew/Cellar/avr-gcc@9/9.4.0/lib/avr-gcc/9/gcc/avr/9.4.0/avr5/libgcc.a(_udivmodsi4.o)
 .debug_str     0x0000000000000818       0x83 /opt/homebrew/Cellar/avr-gcc@9/9.4.0/lib/avr-gcc/9/gcc/avr/9.4.0/avr5/libgcc.a(_exit.o)
 .debug_str     0x0000000000000818       0x83 /opt/homebrew/Cellar/avr-gcc@9/9.4.0/lib/avr-gcc/9/gcc/avr/9.4.0/avr5/libgcc.a(_tablejump2.o)
 .debug_str     0x0000000000000818       0x83 /opt/homebrew/Cellar/avr-gcc@9/9.4.0/lib/avr-gcc/9/gcc/avr/9.4.0/avr5/libgcc.a(_copy_data.o)
 .debug_str     0x0000000000000818       0x83 /opt/homebrew/Cellar/avr-gcc@9/9.4.0/lib/avr-gcc/9/gcc/avr/9.4.0/avr5/libgcc.a(_clear_bss.o)

.debug_loc      0x0000000000000000     0x12b8
 *(.debug_loc)
 .debug_loc     0x0000000000000000     0x10d6 SSD1306.o
 .debug_loc     0x00000000000010d6      0x1e2 i2c.o

.debug_macinfo
 *(.debug_macinfo)

.debug_weaknames
 *(.debug_weaknames)

.debug_funcnames
 *(.debug_funcnames)

.debug_typenames
 *(.debug_typenames)

.debug_varnames
 *(.debug_varnames)

.debug_pubtypes
 *(.debug_pubtypes)

.debug_ranges   0x0000000000000000       0xb8
 *(.debug_ranges)
 .debug_ranges  0x0000000000000000       0xa8 SSD1306.o
 .debug_ranges  0x00000000000000a8       0x10 main.o

.debug_addr
 *(.debug_addr)

.debug_line_str
 *(.debug_line_str)

.debug_loclists
 *(.debug_loclists)

.debug_macro
 *(.debug_macro)

.debug_names
 *(.debug_names)

.debug_rnglists
 *(.debug_rnglists)

.debug_str_offsets
 *(.debug_str_offsets)

.debug_sup
 *(.debug_sup)
OUTPUT(main.elf elf32-avr)
LOAD linker stubs

Cross Reference Table

Symbol                                            File
OLED_Clear                                        SSD1306.o
                                                  main.o
OLED_DisableInversion                             SSD1306.o
OLED_DisplayChar                                  SSD1306.o
OLED_DisplayFloatNumber                           SSD1306.o
OLED_DisplayLogo                                  SSD1306.o
OLED_DisplayNumber                                SSD1306.o
OLED_DisplayString                                SSD1306.o
OLED_EnableInversion                              SSD1306.o
OLED_GoToLine                                     SSD1306.o
OLED_GoToNextLine                                 SSD1306.o
OLED_HorizontalGraph                              SSD1306.o
OLED_Init                                         SSD1306.o
                                                  main.o
OLED_Printf                                       SSD1306.o
                                                  main.o
OLED_ScrollMessage                                SSD1306.o
OLED_SetBrightness                                SSD1306.o
OLED_SetCursor                                    SSD1306.o
                                                  main.o
OLED_VerticalGraph                                SSD1306.o
OledCursorPos                                     SSD1306.o
OledFontTable                                     SSD1306.o
OledLineNum                                       SSD1306.o
__FUSE_REGION_LENGTH__                            /opt/homebrew/Cellar/avr-gcc@9/9.4.0/lib/avr-gcc/9/gcc/avr/9.4.0/../../../../../../avr/lib/avr5/crtatmega328p.o
__addsf3                                          /opt/homebrew/Cellar/avr-gcc@9/9.4.0/lib/avr-gcc/9/gcc/avr/9.4.0/../../../../../../avr/lib/avr5/libm.a(addsf3.o)
__addsf3x                                         /opt/homebrew/Cellar/avr-gcc@9/9.4.0/lib/avr-gcc/9/gcc/avr/9.4.0/../../../../../../avr/lib/avr5/libm.a(addsf3x.o)
                                                  /opt/homebrew/Cellar/avr-gcc@9/9.4.0/lib/avr-gcc/9/gcc/avr/9.4.0/../../../../../../avr/lib/avr5/libm.a(addsf3.o)
__bad_interrupt                                   /opt/homebrew/Cellar/avr-gcc@9/9.4.0/lib/avr-gcc/9/gcc/avr/9.4.0/../../../../../../avr/lib/avr5/crtatmega328p.o
__bss_end                                         /opt/homebrew/Cellar/avr-gcc@9/9.4.0/lib/avr-gcc/9/gcc/avr/9.4.0/avr5/libgcc.a(_clear_bss.o)
__bss_start                                       /opt/homebrew/Cellar/avr-gcc@9/9.4.0/lib/avr-gcc/9/gcc/avr/9.4.0/avr5/libgcc.a(_clear_bss.o)
__data_end                                        /opt/homebrew/Cellar/avr-gcc@9/9.4.0/lib/avr-gcc/9/gcc/avr/9.4.0/avr5/libgcc.a(_copy_data.o)
__data_load_start                                 /opt/homebrew/Cellar/avr-gcc@9/9.4.0/lib/avr-gcc/9/gcc/avr/9.4.0/avr5/libgcc.a(_copy_data.o)
__data_start                                      /opt/homebrew/Cellar/avr-gcc@9/9.4.0/lib/avr-gcc/9/gcc/avr/9.4.0/avr5/libgcc.a(_copy_data.o)
__do_clear_bss                                    /opt/homebrew/Cellar/avr-gcc@9/9.4.0/lib/avr-gcc/9/gcc/avr/9.4.0/avr5/libgcc.a(_clear_bss.o)
                                                  i2c.o
                                                  SSD1306.o
__do_copy_data                                    /opt/homebrew/Cellar/avr-gcc@9/9.4.0/lib/avr-gcc/9/gcc/avr/9.4.0/avr5/libgcc.a(_copy_data.o)
                                                  main.o
                                                  i2c.o
                                                  SSD1306.o
__fixunssfsi                                      /opt/homebrew/Cellar/avr-gcc@9/9.4.0/lib/avr-gcc/9/gcc/avr/9.4.0/../../../../../../avr/lib/avr5/libm.a(fixunssfsi.o)
                                                  SSD1306.o
__floatsisf                                       /opt/homebrew/Cellar/avr-gcc@9/9.4.0/lib/avr-gcc/9/gcc/avr/9.4.0/../../../../../../avr/lib/avr5/libm.a(floatsisf.o)
__floatunsisf                                     /opt/homebrew/Cellar/avr-gcc@9/9.4.0/lib/avr-gcc/9/gcc/avr/9.4.0/../../../../../../avr/lib/avr5/libm.a(floatsisf.o)
                                                  SSD1306.o
__fp_inf                                          /opt/homebrew/Cellar/avr-gcc@9/9.4.0/lib/avr-gcc/9/gcc/avr/9.4.0/../../../../../../avr/lib/avr5/libm.a(fp_inf.o)
                                                  /opt/homebrew/Cellar/avr-gcc@9/9.4.0/lib/avr-gcc/9/gcc/avr/9.4.0/../../../../../../avr/lib/avr5/libm.a(mulsf3x.o)
                                                  /opt/homebrew/Cellar/avr-gcc@9/9.4.0/lib/avr-gcc/9/gcc/avr/9.4.0/../../../../../../avr/lib/avr5/libm.a(addsf3x.o)
__fp_nan                                          /opt/homebrew/Cellar/avr-gcc@9/9.4.0/lib/avr-gcc/9/gcc/avr/9.4.0/../../../../../../avr/lib/avr5/libm.a(fp_nan.o)
                                                  /opt/homebrew/Cellar/avr-gcc@9/9.4.0/lib/avr-gcc/9/gcc/avr/9.4.0/../../../../../../avr/lib/avr5/libm.a(mulsf3x.o)
                                                  /opt/homebrew/Cellar/avr-gcc@9/9.4.0/lib/avr-gcc/9/gcc/avr/9.4.0/../../../../../../avr/lib/avr5/libm.a(addsf3x.o)
__fp_pscA                                         /opt/homebrew/Cellar/avr-gcc@9/9.4.0/lib/avr-gcc/9/gcc/avr/9.4.0/../../../../../../avr/lib/avr5/libm.a(fp_pscA.o)
                                                  /opt/homebrew/Cellar/avr-gcc@9/9.4.0/lib/avr-gcc/9/gcc/avr/9.4.0/../../../../../../avr/lib/avr5/libm.a(mulsf3x.o)
                                                  /opt/homebrew/Cellar/avr-gcc@9/9.4.0/lib/avr-gcc/9/gcc/avr/9.4.0/../../../../../../avr/lib/avr5/libm.a(addsf3x.o)
__fp_pscB                                         /opt/homebrew/Cellar/avr-gcc@9/9.4.0/lib/avr-gcc/9/gcc/avr/9.4.0/../../../../../../avr/lib/avr5/libm.a(fp_pscB.o)
                                                  /opt/homebrew/Cellar/avr-gcc@9/9.4.0/lib/avr-gcc/9/gcc/avr/9.4.0/../../../../../../avr/lib/avr5/libm.a(mulsf3x.o)
                                                  /opt/homebrew/Cellar/avr-gcc@9/9.4.0/lib/avr-gcc/9/gcc/avr/9.4.0/../../../../../../avr/lib/avr5/libm.a(addsf3x.o)
__fp_round                                        /opt/homebrew/Cellar/avr-gcc@9/9.4.0/lib/avr-gcc/9/gcc/avr/9.4.0/../../../../../../avr/lib/avr5/libm.a(fp_round.o)
                                                  /opt/homebrew/Cellar/avr-gcc@9/9.4.0/lib/avr-gcc/9/gcc/avr/9.4.0/../../../../../../avr/lib/avr5/libm.a(mulsf3.o)
                                                  /opt/homebrew/Cellar/avr-gcc@9/9.4.0/lib/avr-gcc/9/gcc/avr/9.4.0/../../../../../../avr/lib/avr5/libm.a(addsf3.o)
__fp_split3                                       /opt/homebrew/Cellar/avr-gcc@9/9.4.0/lib/avr-gcc/9/gcc/avr/9.4.0/../../../../../../avr/lib/avr5/libm.a(fp_split3.o)
                                                  /opt/homebrew/Cellar/avr-gcc@9/9.4.0/lib/avr-gcc/9/gcc/avr/9.4.0/../../../../../../avr/lib/avr5/libm.a(mulsf3x.o)
                                                  /opt/homebrew/Cellar/avr-gcc@9/9.4.0/lib/avr-gcc/9/gcc/avr/9.4.0/../../../../../../avr/lib/avr5/libm.a(addsf3x.o)
__fp_splitA                                       /opt/homebrew/Cellar/avr-gcc@9/9.4.0/lib/avr-gcc/9/gcc/avr/9.4.0/../../../../../../avr/lib/avr5/libm.a(fp_split3.o)
                                                  /opt/homebrew/Cellar/avr-gcc@9/9.4.0/lib/avr-gcc/9/gcc/avr/9.4.0/../../../../../../avr/lib/avr5/libm.a(fixunssfsi.o)
__fp_szero                                        /opt/homebrew/Cellar/avr-gcc@9/9.4.0/lib/avr-gcc/9/gcc/avr/9.4.0/../../../../../../avr/lib/avr5/libm.a(fp_zero.o)
                                                  /opt/homebrew/Cellar/avr-gcc@9/9.4.0/lib/avr-gcc/9/gcc/avr/9.4.0/../../../../../../avr/lib/avr5/libm.a(mulsf3x.o)
__fp_zero                                         /opt/homebrew/Cellar/avr-gcc@9/9.4.0/lib/avr-gcc/9/gcc/avr/9.4.0/../../../../../../avr/lib/avr5/libm.a(fp_zero.o)
                                                  /opt/homebrew/Cellar/avr-gcc@9/9.4.0/lib/avr-gcc/9/gcc/avr/9.4.0/../../../../../../avr/lib/avr5/libm.a(fixunssfsi.o)
                                                  /opt/homebrew/Cellar/avr-gcc@9/9.4.0/lib/avr-gcc/9/gcc/avr/9.4.0/../../../../../../avr/lib/avr5/libm.a(addsf3x.o)
__heap_end                                        /opt/homebrew/Cellar/avr-gcc@9/9.4.0/lib/avr-gcc/9/gcc/avr/9.4.0/../../../../../../avr/lib/avr5/crtatmega328p.o
__init                                            /opt/homebrew/Cellar/avr-gcc@9/9.4.0/lib/avr-gcc/9/gcc/avr/9.4.0/../../../../../../avr/lib/avr5/crtatmega328p.o
__mulsf3                                          /opt/homebrew/Cellar/avr-gcc@9/9.4.0/lib/avr-gcc/9/gcc/avr/9.4.0/../../../../../../avr/lib/avr5/libm.a(mulsf3.o)
                                                  SSD1306.o
__mulsf3_pse                                      /opt/homebrew/Cellar/avr-gcc@9/9.4.0/lib/avr-gcc/9/gcc/avr/9.4.0/../../../../../../avr/lib/avr5/libm.a(mulsf3x.o)
__mulsf3x                                         /opt/homebrew/Cellar/avr-gcc@9/9.4.0/lib/avr-gcc/9/gcc/avr/9.4.0/../../../../../../avr/lib/avr5/libm.a(mulsf3x.o)
                                                  /opt/homebrew/Cellar/avr-gcc@9/9.4.0/lib/avr-gcc/9/gcc/avr/9.4.0/../../../../../../avr/lib/avr5/libm.a(mulsf3.o)
__stack                                           /opt/homebrew/Cellar/avr-gcc@9/9.4.0/lib/avr-gcc/9/gcc/avr/9.4.0/../../../../../../avr/lib/avr5/crtatmega328p.o
__subsf3                                          /opt/homebrew/Cellar/avr-gcc@9/9.4.0/lib/avr-gcc/9/gcc/avr/9.4.0/../../../../../../avr/lib/avr5/libm.a(addsf3.o)
                                                  SSD1306.o
__tablejump2__                                    /opt/homebrew/Cellar/avr-gcc@9/9.4.0/lib/avr-gcc/9/gcc/avr/9.4.0/avr5/libgcc.a(_tablejump2.o)
                                                  SSD1306.o
__udivmodsi4                                      /opt/homebrew/Cellar/avr-gcc@9/9.4.0/lib/avr-gcc/9/gcc/avr/9.4.0/avr5/libgcc.a(_udivmodsi4.o)
                                                  SSD1306.o
__vector_1                                        /opt/homebrew/Cellar/avr-gcc@9/9.4.0/lib/avr-gcc/9/gcc/avr/9.4.0/../../../../../../avr/lib/avr5/crtatmega328p.o
__vector_10                                       /opt/homebrew/Cellar/avr-gcc@9/9.4.0/lib/avr-gcc/9/gcc/avr/9.4.0/../../../../../../avr/lib/avr5/crtatmega328p.o
__vector_11                                       /opt/homebrew/Cellar/avr-gcc@9/9.4.0/lib/avr-gcc/9/gcc/avr/9.4.0/../../../../../../avr/lib/avr5/crtatmega328p.o
__vector_12                                       /opt/homebrew/Cellar/avr-gcc@9/9.4.0/lib/avr-gcc/9/gcc/avr/9.4.0/../../../../../../avr/lib/avr5/crtatmega328p.o
__vector_13                                       /opt/homebrew/Cellar/avr-gcc@9/9.4.0/lib/avr-gcc/9/gcc/avr/9.4.0/../../../../../../avr/lib/avr5/crtatmega328p.o
__vector_14                                       /opt/homebrew/Cellar/avr-gcc@9/9.4.0/lib/avr-gcc/9/gcc/avr/9.4.0/../../../../../../avr/lib/avr5/crtatmega328p.o
__vector_15                                       /opt/homebrew/Cellar/avr-gcc@9/9.4.0/lib/avr-gcc/9/gcc/avr/9.4.0/../../../../../../avr/lib/avr5/crtatmega328p.o
__vector_16                                       /opt/homebrew/Cellar/avr-gcc@9/9.4.0/lib/avr-gcc/9/gcc/avr/9.4.0/../../../../../../avr/lib/avr5/crtatmega328p.o
__vector_17                                       /opt/homebrew/Cellar/avr-gcc@9/9.4.0/lib/avr-gcc/9/gcc/avr/9.4.0/../../../../../../avr/lib/avr5/crtatmega328p.o
__vector_18                                       /opt/homebrew/Cellar/avr-gcc@9/9.4.0/lib/avr-gcc/9/gcc/avr/9.4.0/../../../../../../avr/lib/avr5/crtatmega328p.o
__vector_19                                       /opt/homebrew/Cellar/avr-gcc@9/9.4.0/lib/avr-gcc/9/gcc/avr/9.4.0/../../../../../../avr/lib/avr5/crtatmega328p.o
__vector_2                                        /opt/homebrew/Cellar/avr-gcc@9/9.4.0/lib/avr-gcc/9/gcc/avr/9.4.0/../../../../../../avr/lib/avr5/crtatmega328p.o
__vector_20                                       /opt/homebrew/Cellar/avr-gcc@9/9.4.0/lib/avr-gcc/9/gcc/avr/9.4.0/../../../../../../avr/lib/avr5/crtatmega328p.o
__vector_21                                       /opt/homebrew/Cellar/avr-gcc@9/9.4.0/lib/avr-gcc/9/gcc/avr/9.4.0/../../../../../../avr/lib/avr5/crtatmega328p.o
__vector_22                                       /opt/homebrew/Cellar/avr-gcc@9/9.4.0/lib/avr-gcc/9/gcc/avr/9.4.0/../../../../../../avr/lib/avr5/crtatmega328p.o
__vector_23                                       /opt/homebrew/Cellar/avr-gcc@9/9.4.0/lib/avr-gcc/9/gcc/avr/9.4.0/../../../../../../avr/lib/avr5/crtatmega328p.o
__vector_24                                       /opt/homebrew/Cellar/avr-gcc@9/9.4.0/lib/avr-gcc/9/gcc/avr/9.4.0/../../../../../../avr/lib/avr5/crtatmega328p.o
__vector_25                                       /opt/homebrew/Cellar/avr-gcc@9/9.4.0/lib/avr-gcc/9/gcc/avr/9.4.0/../../../../../../avr/lib/avr5/crtatmega328p.o
__vector_3                                        /opt/homebrew/Cellar/avr-gcc@9/9.4.0/lib/avr-gcc/9/gcc/avr/9.4.0/../../../../../../avr/lib/avr5/crtatmega328p.o
__vector_4                                        /opt/homebrew/Cellar/avr-gcc@9/9.4.0/lib/avr-gcc/9/gcc/avr/9.4.0/../../../../../../avr/lib/avr5/crtatmega328p.o
__vector_5                                        /opt/homebrew/Cellar/avr-gcc@9/9.4.0/lib/avr-gcc/9/gcc/avr/9.4.0/../../../../../../avr/lib/avr5/crtatmega328p.o
__vector_6                                        /opt/homebrew/Cellar/avr-gcc@9/9.4.0/lib/avr-gcc/9/gcc/avr/9.4.0/../../../../../../avr/lib/avr5/crtatmega328p.o
__vector_7                                        /opt/homebrew/Cellar/avr-gcc@9/9.4.0/lib/avr-gcc/9/gcc/avr/9.4.0/../../../../../../avr/lib/avr5/crtatmega328p.o
__vector_8                                        /opt/homebrew/Cellar/avr-gcc@9/9.4.0/lib/avr-gcc/9/gcc/avr/9.4.0/../../../../../../avr/lib/avr5/crtatmega328p.o
__vector_9                                        /opt/homebrew/Cellar/avr-gcc@9/9.4.0/lib/avr-gcc/9/gcc/avr/9.4.0/../../../../../../avr/lib/avr5/crtatmega328p.o
__vector_default                                  /opt/homebrew/Cellar/avr-gcc@9/9.4.0/lib/avr-gcc/9/gcc/avr/9.4.0/../../../../../../avr/lib/avr5/crtatmega328p.o
__vectors                                         /opt/homebrew/Cellar/avr-gcc@9/9.4.0/lib/avr-gcc/9/gcc/avr/9.4.0/../../../../../../avr/lib/avr5/crtatmega328p.o
_exit                                             /opt/homebrew/Cellar/avr-gcc@9/9.4.0/lib/avr-gcc/9/gcc/avr/9.4.0/avr5/libgcc.a(_exit.o)
exit                                              /opt/homebrew/Cellar/avr-gcc@9/9.4.0/lib/avr-gcc/9/gcc/avr/9.4.0/avr5/libgcc.a(_exit.o)
                                                  /opt/homebrew/Cellar/avr-gcc@9/9.4.0/lib/avr-gcc/9/gcc/avr/9.4.0/../../../../../../avr/lib/avr5/crtatmega328p.o
i2c_init                                          i2c.o
                                                  SSD1306.o
i2c_rx_byte                                       i2c.o
i2c_timeout                                       i2c.o
i2c_tx_address                                    i2c.o
                                                  SSD1306.o
i2c_tx_byte                                       i2c.o
                                                  SSD1306.o
i2c_tx_start                                      i2c.o
                                                  SSD1306.o
i2c_tx_stop                                       i2c.o
                                                  SSD1306.o
main                                              main.o
                                                  /opt/homebrew/Cellar/avr-gcc@9/9.4.0/lib/avr-gcc/9/gcc/avr/9.4.0/../../../../../../avr/lib/avr5/crtatmega328p.o
oledSendByte                                      SSD1306.o
oledSendCommand                                   SSD1306.o
oledSendStart                                     SSD1306.o
oledSendStop                                      SSD1306.o
